// Jest Snapshot v1, https://goo.gl/fbAQLP

exports[`<Typography /> should render the Typography p as default 1`] = `
.c0 {
  font-size: 1rem;
}

<p
  class="c0"
>
  Some text
</p>
`;
